Script started on Wed 22 Oct 2014 01:25:07 AM PDT
~
ahsu013@hammer $ cs[K[Khw [K[K[Kcd hw100/
~/hw100
ahsu013@hammer $ ls[K[Kmakeall
bash: makeall: command not found
~/hw100
ahsu013@hammer $ make all
mkdir -p bin
g++ -Wall -Werror -ansi -pedantic src/rshell0.cpp -o bin/rshell
~/hw100
ahsu013@hammer $ bin/rshell 
ahsu013$ pwd 
/home/csmajs/ahsu013/hw100
ahsu013$ pwd ; pwd
/home/csmajs/ahsu013/hw100
/home/csmajs/ahsu013/hw100
ahsu013$ pwd || echo smith
/home/csmajs/ahsu013/hw100
ahsu013$ pwd && pw  echo smith
/home/csmajs/ahsu013/hw100
smith
ahsu013$ fake || pwd
execvp: No such file or directory
/home/csmajs/ahsu013/hw100
ahsu013$ ls -a -a -a -a -a -a - a-   a -a -a -a- a-     a -a -a -a -a -a- a-     a -a -a
.  ..  a.out  bin  .git  Makefile  README  rshell0.cpp	src  tests
ahsu013$ pwd; pwd; pwd; pwd; pwd; pwd; pwd; pwd; pwd; pwd;pwd; pwd; pwd; pwd; pwd; pwd; pwd; pwd; pwd; pwd;pwd; pwd; pwd; pwd; pwd; pwd; pwd; pwd; pwd; pwd;pwd; pwd; pwd; pwd; pwd; pwd; pwd; pwd; pwd; pwd;pwd; pwd; pwd; pwd; pwd; pwd; pwd; pwd; pwd; pwd;pwd; pwd; pwd; pwd; pwd; pwd; pwd; pwd; pwd; pwd;pwd; pwd; pwd; pwd; pwd; pwd; pwd; pwd; pwd; pwd;pwd; pwd; pwd; pwd; pwd; pwd; pwd; pwd; pwd; pwd;pwd; pwd; pwd; pwd; pwd; pwd; pwd; pwd; pwd; pwd;pwd; pwd; pwd; pwd; pwd; pwd; pwd; pwd; pwd; pwd;pwd; pwd; pwd; pwd; pwd; pwd; pwd; pwd; pwd; pwd; echo 1010 #testing 1011 cmd
/home/csmajs/ahsu013/hw100
/home/csmajs/ahsu013/hw100
/home/csmajs/ahsu013/hw100
/home/csmajs/ahsu013/hw100
/home/csmajs/ahsu013/hw100
/home/csmajs/ahsu013/hw100
/home/csmajs/ahsu013/hw100
/home/csmajs/ahsu013/hw100
/home/csmajs/ahsu013/hw100
/home/csmajs/ahsu013/hw100
/home/csmajs/ahsu013/hw100
/home/csmajs/ahsu013/hw100
/home/csmajs/ahsu013/hw100
/home/csmajs/ahsu013/hw100
/home/csmajs/ahsu013/hw100
/home/csmajs/ahsu013/hw100
/home/csmajs/ahsu013/hw100
/home/csmajs/ahsu013/hw100
/home/csmajs/ahsu013/hw100
/home/csmajs/ahsu013/hw100
/home/csmajs/ahsu013/hw100
/home/csmajs/ahsu013/hw100
/home/csmajs/ahsu013/hw100
/home/csmajs/ahsu013/hw100
/home/csmajs/ahsu013/hw100
/home/csmajs/ahsu013/hw100
/home/csmajs/ahsu013/hw100
/home/csmajs/ahsu013/hw100
/home/csmajs/ahsu013/hw100
/home/csmajs/ahsu013/hw100
/home/csmajs/ahsu013/hw100
/home/csmajs/ahsu013/hw100
/home/csmajs/ahsu013/hw100
/home/csmajs/ahsu013/hw100
/home/csmajs/ahsu013/hw100
/home/csmajs/ahsu013/hw100
/home/csmajs/ahsu013/hw100
/home/csmajs/ahsu013/hw100
/home/csmajs/ahsu013/hw100
/home/csmajs/ahsu013/hw100
/home/csmajs/ahsu013/hw100
/home/csmajs/ahsu013/hw100
/home/csmajs/ahsu013/hw100
/home/csmajs/ahsu013/hw100
/home/csmajs/ahsu013/hw100
/home/csmajs/ahsu013/hw100
/home/csmajs/ahsu013/hw100
/home/csmajs/ahsu013/hw100
/home/csmajs/ahsu013/hw100
/home/csmajs/ahsu013/hw100
/home/csmajs/ahsu013/hw100
/home/csmajs/ahsu013/hw100
/home/csmajs/ahsu013/hw100
/home/csmajs/ahsu013/hw100
/home/csmajs/ahsu013/hw100
/home/csmajs/ahsu013/hw100
/home/csmajs/ahsu013/hw100
/home/csmajs/ahsu013/hw100
/home/csmajs/ahsu013/hw100
/home/csmajs/ahsu013/hw100
/home/csmajs/ahsu013/hw100
/home/csmajs/ahsu013/hw100
/home/csmajs/ahsu013/hw100
/home/csmajs/ahsu013/hw100
/home/csmajs/ahsu013/hw100
/home/csmajs/ahsu013/hw100
/home/csmajs/ahsu013/hw100
/home/csmajs/ahsu013/hw100
/home/csmajs/ahsu013/hw100
/home/csmajs/ahsu013/hw100
/home/csmajs/ahsu013/hw100
/home/csmajs/ahsu013/hw100
/home/csmajs/ahsu013/hw100
/home/csmajs/ahsu013/hw100
/home/csmajs/ahsu013/hw100
/home/csmajs/ahsu013/hw100
/home/csmajs/ahsu013/hw100
/home/csmajs/ahsu013/hw100
/home/csmajs/ahsu013/hw100
/home/csmajs/ahsu013/hw100
/home/csmajs/ahsu013/hw100
/home/csmajs/ahsu013/hw100
/home/csmajs/ahsu013/hw100
/home/csmajs/ahsu013/hw100
/home/csmajs/ahsu013/hw100
/home/csmajs/ahsu013/hw100
/home/csmajs/ahsu013/hw100
/home/csmajs/ahsu013/hw100
/home/csmajs/ahsu013/hw100
/home/csmajs/ahsu013/hw100
/home/csmajs/ahsu013/hw100
/home/csmajs/ahsu013/hw100
/home/csmajs/ahsu013/hw100
/home/csmajs/ahsu013/hw100
/home/csmajs/ahsu013/hw100
/home/csmajs/ahsu013/hw100
/home/csmajs/ahsu013/hw100
/home/csmajs/ahsu013/hw100
/home/csmajs/ahsu013/hw100
/home/csmajs/ahsu013/hw100
/home/csmajs/ahsu013/hw100
/home/csmajs/ahsu013/hw100
/home/csmajs/ahsu013/hw100
/home/csmajs/ahsu013/hw100
/home/csmajs/ahsu013/hw100
/home/csmajs/ahsu013/hw100
/home/csmajs/ahsu013/hw100
/home/csmajs/ahsu013/hw100
/home/csmajs/ahsu013/hw100
/home/csmajs/ahsu013/hw100
1010
ahsu013$ y touch test.cp   
ahsu013$ c echo hell  p o > test
hello > test
ahsu013$ echo hello#hi
hello
ahsu013$ cat test
ahsu013$ cat README
SHELL
Licensing Information: READ LICENSE 

Project source can be downloaded from:
	https://github.com/ahsu013/rshell.git

Author & Contributor List:
	Mike Izbicki
	Albert Hsu

File List:
	Makefile
	LICENSE
	/src
		rshell0.cpp
	/tests
		exec.script

rshell overview
	rshell is a simple custom shell. It a more limitated version of BASH shell. It execute commands by calling execvp command in /bin.
	Knonw bug and/or limitation:
		echo into file does not work
		echo with message that has # does not echo anything after #
		rshell can not handle differient connectors. It will prompt "Syntax Error if it detects mutliple different connectors
		connectors at the end of commands will be ignore
		multiple connectors without commands in between will prompt "Syntax Error" 
		rshell currently can not cycle through past commands. 
		rshell currently can not auto complete with tab key

		special built in "exit" command will exit the custom shell. 
 
ahsu013$ mkdir testdir   folder
ahsu013$ ls  ls
a.out  bin  Makefile  README  rshell0.cpp  src	test  testfolder  tests
ahsu013$ rm -rf testfolder
ahsu013$ rm test
ahsu013$ rm test
rm: cannot remove `test': No such file or directory
ahsu013$ fak   pwd #kdjsalfj s||     ||    & ; pwd
/home/csmajs/ahsu013/hw100
ahsu013$ ;;
syntax Error
ahsu013$ ;;;;
syntax Error
ahsu013$ ;;&&
Syntax Error
ahsu013$ ;;||
Syntax Error
ahsu013$ \\&&    ||&&
Syntax Error
ahsu013$ dlksjafljflajf
execvp: No such file or directory
ahsu013$ exit
~/hw100
ahsu013@hammer $ exit
exit

Script done on Wed 22 Oct 2014 01:28:41 AM PDT
